// Jest Snapshot v1, https://goo.gl/fbAQLP

exports[`Testing UpArrow Scene 1`] = `
<button
  className="scroll-button "
  onClick={[Function]}
>
  <span
    className="arrow"
  >
    Ë„
  </span>
</button>
`;
